Archive member included to satisfy reference by file (symbol)

/home/juanmagil/st/stm32cubeide_1.10.1/plugins/com.st.stm32cube.ide.mcu.externaltools.gnu-tools-for-stm32.10.3-2021.10.linux64_1.0.0.202111181127/tools/bin/../lib/gcc/arm-none-eabi/10.3.1/../../../../arm-none-eabi/lib/thumb/v7e-m+fp/hard/libc_nano.a(lib_a-errno.o)
                              ./Core/Src/syscalls.o (__errno)
/home/juanmagil/st/stm32cubeide_1.10.1/plugins/com.st.stm32cube.ide.mcu.externaltools.gnu-tools-for-stm32.10.3-2021.10.linux64_1.0.0.202111181127/tools/bin/../lib/gcc/arm-none-eabi/10.3.1/../../../../arm-none-eabi/lib/thumb/v7e-m+fp/hard/libc_nano.a(lib_a-exit.o)
                              /home/juanmagil/st/stm32cubeide_1.10.1/plugins/com.st.stm32cube.ide.mcu.externaltools.gnu-tools-for-stm32.10.3-2021.10.linux64_1.0.0.202111181127/tools/bin/../lib/gcc/arm-none-eabi/10.3.1/../../../../arm-none-eabi/lib/thumb/v7e-m+fp/hard/crt0.o (exit)
/home/juanmagil/st/stm32cubeide_1.10.1/plugins/com.st.stm32cube.ide.mcu.externaltools.gnu-tools-for-stm32.10.3-2021.10.linux64_1.0.0.202111181127/tools/bin/../lib/gcc/arm-none-eabi/10.3.1/../../../../arm-none-eabi/lib/thumb/v7e-m+fp/hard/libc_nano.a(lib_a-impure.o)
                              /home/juanmagil/st/stm32cubeide_1.10.1/plugins/com.st.stm32cube.ide.mcu.externaltools.gnu-tools-for-stm32.10.3-2021.10.linux64_1.0.0.202111181127/tools/bin/../lib/gcc/arm-none-eabi/10.3.1/../../../../arm-none-eabi/lib/thumb/v7e-m+fp/hard/libc_nano.a(lib_a-exit.o) (_global_impure_ptr)
/home/juanmagil/st/stm32cubeide_1.10.1/plugins/com.st.stm32cube.ide.mcu.externaltools.gnu-tools-for-stm32.10.3-2021.10.linux64_1.0.0.202111181127/tools/bin/../lib/gcc/arm-none-eabi/10.3.1/../../../../arm-none-eabi/lib/thumb/v7e-m+fp/hard/libc_nano.a(lib_a-init.o)
                              /home/juanmagil/st/stm32cubeide_1.10.1/plugins/com.st.stm32cube.ide.mcu.externaltools.gnu-tools-for-stm32.10.3-2021.10.linux64_1.0.0.202111181127/tools/bin/../lib/gcc/arm-none-eabi/10.3.1/../../../../arm-none-eabi/lib/thumb/v7e-m+fp/hard/crt0.o (__libc_init_array)
/home/juanmagil/st/stm32cubeide_1.10.1/plugins/com.st.stm32cube.ide.mcu.externaltools.gnu-tools-for-stm32.10.3-2021.10.linux64_1.0.0.202111181127/tools/bin/../lib/gcc/arm-none-eabi/10.3.1/../../../../arm-none-eabi/lib/thumb/v7e-m+fp/hard/libc_nano.a(lib_a-malloc.o)
                              ./Middlewares/ST/STM32_USB_Host_Library/Class/CDC/Src/usbh_cdc.o (malloc)
/home/juanmagil/st/stm32cubeide_1.10.1/plugins/com.st.stm32cube.ide.mcu.externaltools.gnu-tools-for-stm32.10.3-2021.10.linux64_1.0.0.202111181127/tools/bin/../lib/gcc/arm-none-eabi/10.3.1/../../../../arm-none-eabi/lib/thumb/v7e-m+fp/hard/libc_nano.a(lib_a-memset.o)
                              /home/juanmagil/st/stm32cubeide_1.10.1/plugins/com.st.stm32cube.ide.mcu.externaltools.gnu-tools-for-stm32.10.3-2021.10.linux64_1.0.0.202111181127/tools/bin/../lib/gcc/arm-none-eabi/10.3.1/../../../../arm-none-eabi/lib/thumb/v7e-m+fp/hard/crt0.o (memset)
/home/juanmagil/st/stm32cubeide_1.10.1/plugins/com.st.stm32cube.ide.mcu.externaltools.gnu-tools-for-stm32.10.3-2021.10.linux64_1.0.0.202111181127/tools/bin/../lib/gcc/arm-none-eabi/10.3.1/../../../../arm-none-eabi/lib/thumb/v7e-m+fp/hard/libc_nano.a(lib_a-nano-freer.o)
                              /home/juanmagil/st/stm32cubeide_1.10.1/plugins/com.st.stm32cube.ide.mcu.externaltools.gnu-tools-for-stm32.10.3-2021.10.linux64_1.0.0.202111181127/tools/bin/../lib/gcc/arm-none-eabi/10.3.1/../../../../arm-none-eabi/lib/thumb/v7e-m+fp/hard/libc_nano.a(lib_a-malloc.o) (_free_r)
/home/juanmagil/st/stm32cubeide_1.10.1/plugins/com.st.stm32cube.ide.mcu.externaltools.gnu-tools-for-stm32.10.3-2021.10.linux64_1.0.0.202111181127/tools/bin/../lib/gcc/arm-none-eabi/10.3.1/../../../../arm-none-eabi/lib/thumb/v7e-m+fp/hard/libc_nano.a(lib_a-nano-mallocr.o)
                              /home/juanmagil/st/stm32cubeide_1.10.1/plugins/com.st.stm32cube.ide.mcu.externaltools.gnu-tools-for-stm32.10.3-2021.10.linux64_1.0.0.202111181127/tools/bin/../lib/gcc/arm-none-eabi/10.3.1/../../../../arm-none-eabi/lib/thumb/v7e-m+fp/hard/libc_nano.a(lib_a-malloc.o) (_malloc_r)
/home/juanmagil/st/stm32cubeide_1.10.1/plugins/com.st.stm32cube.ide.mcu.externaltools.gnu-tools-for-stm32.10.3-2021.10.linux64_1.0.0.202111181127/tools/bin/../lib/gcc/arm-none-eabi/10.3.1/../../../../arm-none-eabi/lib/thumb/v7e-m+fp/hard/libc_nano.a(lib_a-sbrkr.o)
                              /home/juanmagil/st/stm32cubeide_1.10.1/plugins/com.st.stm32cube.ide.mcu.externaltools.gnu-tools-for-stm32.10.3-2021.10.linux64_1.0.0.202111181127/tools/bin/../lib/gcc/arm-none-eabi/10.3.1/../../../../arm-none-eabi/lib/thumb/v7e-m+fp/hard/libc_nano.a(lib_a-nano-mallocr.o) (_sbrk_r)
/home/juanmagil/st/stm32cubeide_1.10.1/plugins/com.st.stm32cube.ide.mcu.externaltools.gnu-tools-for-stm32.10.3-2021.10.linux64_1.0.0.202111181127/tools/bin/../lib/gcc/arm-none-eabi/10.3.1/../../../../arm-none-eabi/lib/thumb/v7e-m+fp/hard/libc_nano.a(lib_a-mlock.o)
[...]
Memory Configuration

Name             Origin             Length             Attributes
RAM              0x0000000020000000 0x0000000000020000 xrw
FLASH            0x0000000008000000 0x0000000000080000 xr
*default*        0x0000000000000000 0xffffffffffffffff

Linker script and memory map

LOAD /home/juanmagil/st/stm32cubeide_1.10.1/plugins/com.st.stm32cube.ide.mcu.externaltools.gnu-tools-for-stm32.10.3-2021.10.linux64_1.0.0.202111181127/tools/bin/../lib/gcc/arm-none-eabi/10.3.1/thumb/v7e-m+fp/hard/crti.o
LOAD /home/juanmagil/st/stm32cubeide_1.10.1/plugins/com.st.stm32cube.ide.mcu.externaltools.gnu-tools-for-stm32.10.3-2021.10.linux64_1.0.0.202111181127/tools/bin/../lib/gcc/arm-none-eabi/10.3.1/thumb/v7e-m+fp/hard/crtbegin.o
LOAD /home/juanmagil/st/stm32cubeide_1.10.1/plugins/com.st.stm32cube.ide.mcu.externaltools.gnu-tools-for-stm32.10.3-2021.10.linux64_1.0.0.202111181127/tools/bin/../lib/gcc/arm-none-eabi/10.3.1/../../../../arm-none-eabi/lib/thumb/v7e-m+fp/hard/crt0.o
LOAD ./Core/Src/main.o
LOAD ./Core/Src/stm32f4xx_hal_msp.o
LOAD ./Core/Src/stm32f4xx_it.o
LOAD ./Core/Src/syscalls.o
LOAD ./Core/Src/sysmem.o
LOAD ./Core/Src/system_stm32f4xx.o
LOAD ./Core/Startup/startup_stm32f411vetx.o
LOAD ./Drivers/STM32F4xx_HAL_Driver/Src/stm32f4xx_hal.o
LOAD ./Drivers/STM32F4xx_HAL_Driver/Src/stm32f4xx_hal_cortex.o
LOAD ./Drivers/STM32F4xx_HAL_Driver/Src/stm32f4xx_hal_dma.o
LOAD ./Drivers/STM32F4xx_HAL_Driver/Src/stm32f4xx_hal_dma_ex.o
LOAD ./Drivers/STM32F4xx_HAL_Driver/Src/stm32f4xx_hal_exti.o
LOAD ./Drivers/STM32F4xx_HAL_Driver/Src/stm32f4xx_hal_flash.o
LOAD ./Drivers/STM32F4xx_HAL_Driver/Src/stm32f4xx_hal_flash_ex.o
LOAD ./Drivers/STM32F4xx_HAL_Driver/Src/stm32f4xx_hal_flash_ramfunc.o
LOAD ./Drivers/STM32F4xx_HAL_Driver/Src/stm32f4xx_hal_gpio.o
LOAD ./Drivers/STM32F4xx_HAL_Driver/Src/stm32f4xx_hal_hcd.o
LOAD ./Drivers/STM32F4xx_HAL_Driver/Src/stm32f4xx_hal_i2c.o
LOAD ./Drivers/STM32F4xx_HAL_Driver/Src/stm32f4xx_hal_i2c_ex.o
LOAD ./Drivers/STM32F4xx_HAL_Driver/Src/stm32f4xx_hal_i2s.o
LOAD ./Drivers/STM32F4xx_HAL_Driver/Src/stm32f4xx_hal_i2s_ex.o
LOAD ./Drivers/STM32F4xx_HAL_Driver/Src/stm32f4xx_hal_pwr.o
LOAD ./Drivers/STM32F4xx_HAL_Driver/Src/stm32f4xx_hal_pwr_ex.o
LOAD ./Drivers/STM32F4xx_HAL_Driver/Src/stm32f4xx_hal_rcc.o
LOAD ./Drivers/STM32F4xx_HAL_Driver/Src/stm32f4xx_hal_rcc_ex.o
LOAD ./Drivers/STM32F4xx_HAL_Driver/Src/stm32f4xx_hal_spi.o
LOAD ./Drivers/STM32F4xx_HAL_Driver/Src/stm32f4xx_hal_tim.o
LOAD ./Drivers/STM32F4xx_HAL_Driver/Src/stm32f4xx_hal_tim_ex.o
LOAD ./Drivers/STM32F4xx_HAL_Driver/Src/stm32f4xx_ll_usb.o
LOAD ./Middlewares/ST/STM32_USB_Host_Library/Class/CDC/Src/usbh_cdc.o
LOAD ./Middlewares/ST/STM32_USB_Host_Library/Core/Src/usbh_core.o
LOAD ./Middlewares/ST/STM32_USB_Host_Library/Core/Src/usbh_ctlreq.o
LOAD ./Middlewares/ST/STM32_USB_Host_Library/Core/Src/usbh_ioreq.o
LOAD ./Middlewares/ST/STM32_USB_Host_Library/Core/Src/usbh_pipes.o
LOAD ./USB_HOST/App/usb_host.o
LOAD ./USB_HOST/Target/usbh_conf.o
LOAD ./USB_HOST/Target/usbh_platform.o
START GROUP
LOAD /home/juanmagil/st/stm32cubeide_1.10.1/plugins/com.st.stm32cube.ide.mcu.externaltools.gnu-tools-for-stm32.10.3-2021.10.linux64_1.0.0.202111181127/tools/bin/../lib/gcc/arm-none-eabi/10.3.1/../../../../arm-none-eabi/lib/thumb/v7e-m+fp/hard/libc_nano.a
LOAD /home/juanmagil/st/stm32cubeide_1.10.1/plugins/com.st.stm32cube.ide.mcu.externaltools.gnu-tools-for-stm32.10.3-2021.10.linux64_1.0.0.202111181127/tools/bin/../lib/gcc/arm-none-eabi/10.3.1/../../../../arm-none-eabi/lib/thumb/v7e-m+fp/hard/libm.a
END GROUP
START GROUP
LOAD /home/juanmagil/st/stm32cubeide_1.10.1/plugins/com.st.stm32cube.ide.mcu.externaltools.gnu-tools-for-stm32.10.3-2021.10.linux64_1.0.0.202111181127/tools/bin/../lib/gcc/arm-none-eabi/10.3.1/thumb/v7e-m+fp/hard/libgcc.a
LOAD /home/juanmagil/st/stm32cubeide_1.10.1/plugins/com.st.stm32cube.ide.mcu.externaltools.gnu-tools-for-stm32.10.3-2021.10.linux64_1.0.0.202111181127/tools/bin/../lib/gcc/arm-none-eabi/10.3.1/../../../../arm-none-eabi/lib/thumb/v7e-m+fp/hard/libc_nano.a
END GROUP
START GROUP
LOAD /home/juanmagil/st/stm32cubeide_1.10.1/plugins/com.st.stm32cube.ide.mcu.externaltools.gnu-tools-for-stm32.10.3-2021.10.linux64_1.0.0.202111181127/tools/bin/../lib/gcc/arm-none-eabi/10.3.1/thumb/v7e-m+fp/hard/libgcc.a
LOAD /home/juanmagil/st/stm32cubeide_1.10.1/plugins/com.st.stm32cube.ide.mcu.externaltools.gnu-tools-for-stm32.10.3-2021.10.linux64_1.0.0.202111181127/tools/bin/../lib/gcc/arm-none-eabi/10.3.1/../../../../arm-none-eabi/lib/thumb/v7e-m+fp/hard/libc_nano.a
LOAD /home/juanmagil/st/stm32cubeide_1.10.1/plugins/com.st.stm32cube.ide.mcu.externaltools.gnu-tools-for-stm32.10.3-2021.10.linux64_1.0.0.202111181127/tools/bin/../lib/gcc/arm-none-eabi/10.3.1/../../../../arm-none-eabi/lib/thumb/v7e-m+fp/hard/libnosys.a
END GROUP
START GROUP
LOAD /home/juanmagil/st/stm32cubeide_1.10.1/plugins/com.st.stm32cube.ide.mcu.externaltools.gnu-tools-for-stm32.10.3-2021.10.linux64_1.0.0.202111181127/tools/bin/../lib/gcc/arm-none-eabi/10.3.1/thumb/v7e-m+fp/hard/libgcc.a
LOAD /home/juanmagil/st/stm32cubeide_1.10.1/plugins/com.st.stm32cube.ide.mcu.externaltools.gnu-tools-for-stm32.10.3-2021.10.linux64_1.0.0.202111181127/tools/bin/../lib/gcc/arm-none-eabi/10.3.1/../../../../arm-none-eabi/lib/thumb/v7e-m+fp/hard/libc_nano.a
LOAD /home/juanmagil/st/stm32cubeide_1.10.1/plugins/com.st.stm32cube.ide.mcu.externaltools.gnu-tools-for-stm32.10.3-2021.10.linux64_1.0.0.202111181127/tools/bin/../lib/gcc/arm-none-eabi/10.3.1/../../../../arm-none-eabi/lib/thumb/v7e-m+fp/hard/libnosys.a
END GROUP
LOAD /home/juanmagil/st/stm32cubeide_1.10.1/plugins/com.st.stm32cube.ide.mcu.externaltools.gnu-tools-for-stm32.10.3-2021.10.linux64_1.0.0.202111181127/tools/bin/../lib/gcc/arm-none-eabi/10.3.1/thumb/v7e-m+fp/hard/crtend.o
LOAD /home/juanmagil/st/stm32cubeide_1.10.1/plugins/com.st.stm32cube.ide.mcu.externaltools.gnu-tools-for-stm32.10.3-2021.10.linux64_1.0.0.202111181127/tools/bin/../lib/gcc/arm-none-eabi/10.3.1/thumb/v7e-m+fp/hard/crtn.o
                0x0000000020020000                _estack = (ORIGIN (RAM) + LENGTH (RAM))
                0x0000000000000200                _Min_Heap_Size = 0x200
                0x0000000000000400                _Min_Stack_Size = 0x400

.isr_vector     0x0000000008000000      0x198
                0x0000000008000000                . = ALIGN (0x4)
 *(.isr_vector)
 .isr_vector    0x0000000008000000      0x198 ./Core/Startup/startup_stm32f411vetx.o
                0x0000000008000000                g_pfnVectors
                0x0000000008000198                . = ALIGN (0x4)

.text           0x0000000008000198     0x1ffc
                0x0000000008000198                . = ALIGN (0x4)
 *(.text)
 .text          0x0000000008000198       0x40 /home/juanmagil/st/stm32cubeide_1.10.1/plugins/com.st.stm32cube.ide.mcu.externaltools.gnu-tools-for-stm32.10.3-2021.10.linux64_1.0.0.202111181127/tools/bin/../lib/gcc/arm-none-eabi/10.3.1/thumb/v7e-m+fp/hard/crtbegin.o
 *(.text*)
 .text.main     0x00000000080001d8       0x20 ./Core/Src/main.o
                0x00000000080001d8                main
 .text.Init_OnBoard_LEDs
                0x00000000080001f8       0x48 ./Core/Src/main.o
                0x00000000080001f8                Init_OnBoard_LEDs
 .text.Delay_ms
                0x0000000008000240       0x32 ./Core/Src/main.o
                0x0000000008000240                Delay_ms
 .text.NMI_Handler
                0x0000000008000272        0x6 ./Core/Src/stm32f4xx_it.o
                0x0000000008000272                NMI_Handler
 .text.HardFault_Handler
                0x0000000008000278        0x6 ./Core/Src/stm32f4xx_it.o
                0x0000000008000278                HardFault_Handler
 .text.MemManage_Handler
                0x000000000800027e        0x6 ./Core/Src/stm32f4xx_it.o
                0x000000000800027e                MemManage_Handler
 .text.BusFault_Handler
                0x0000000008000284        0x6 ./Core/Src/stm32f4xx_it.o
                0x0000000008000284                BusFault_Handler
 .text.UsageFault_Handler
                0x000000000800028a        0x6 ./Core/Src/stm32f4xx_it.o
                0x000000000800028a                UsageFault_Handler
 .text.SVC_Handler
                0x0000000008000290        0xe ./Core/Src/stm32f4xx_it.o
                0x0000000008000290                SVC_Handler
 .text.DebugMon_Handler
                0x000000000800029e        0xe ./Core/Src/stm32f4xx_it.o
                0x000000000800029e                DebugMon_Handler
 .text.PendSV_Handler
                0x00000000080002ac        0xe ./Core/Src/stm32f4xx_it.o
                0x00000000080002ac                PendSV_Handler
 .text.SysTick_Handler
                0x00000000080002ba        0xc ./Core/Src/stm32f4xx_it.o
                0x00000000080002ba                SysTick_Handler
 *fill*         0x00000000080002c6        0x2 
 .text.OTG_FS_IRQHandler
                0x00000000080002c8       0x14 ./Core/Src/stm32f4xx_it.o
                0x00000000080002c8                OTG_FS_IRQHandler
 .text.SystemInit
                0x00000000080002dc       0x24 ./Core/Src/system_stm32f4xx.o
                0x00000000080002dc                SystemInit
 .text.Reset_Handler
                0x0000000008000300       0x50 ./Core/Startup/startup_stm32f411vetx.o
                0x0000000008000300                Reset_Handler
 .text.Default_Handler
                0x0000000008000350        0x2 ./Core/Startup/startup_stm32f411vetx.o
                0x0000000008000350                RTC_Alarm_IRQHandler
                0x0000000008000350                EXTI2_IRQHandler
                0x0000000008000350                SPI4_IRQHandler
                0x0000000008000350                TIM1_CC_IRQHandler
                0x0000000008000350                DMA2_Stream5_IRQHandler
                0x0000000008000350                DMA1_Stream5_IRQHandler
                0x0000000008000350                PVD_IRQHandler
                0x0000000008000350                SDIO_IRQHandler
                0x0000000008000350                TAMP_STAMP_IRQHandler
                0x0000000008000350                EXTI3_IRQHandler
                0x0000000008000350                TIM1_UP_TIM10_IRQHandler
                0x0000000008000350                I2C3_ER_IRQHandler
                0x0000000008000350                EXTI0_IRQHandler
                0x0000000008000350                I2C2_EV_IRQHandler
                0x0000000008000350                DMA1_Stream2_IRQHandler
                0x0000000008000350                FPU_IRQHandler
                0x0000000008000350                DMA2_Stream2_IRQHandler
                0x0000000008000350                SPI1_IRQHandler
                0x0000000008000350                TIM1_BRK_TIM9_IRQHandler
                0x0000000008000350                DMA2_Stream3_IRQHandler
                0x0000000008000350                USART6_IRQHandler
                0x0000000008000350                DMA2_Stream0_IRQHandler
                0x0000000008000350                TIM4_IRQHandler
                0x0000000008000350                I2C1_EV_IRQHandler
                0x0000000008000350                DMA1_Stream6_IRQHandler
                0x0000000008000350                DMA1_Stream1_IRQHandler
                0x0000000008000350                TIM3_IRQHandler
                0x0000000008000350                RCC_IRQHandler
                0x0000000008000350                Default_Handler
                0x0000000008000350                EXTI15_10_IRQHandler
                0x0000000008000350                ADC_IRQHandler
                0x0000000008000350                DMA1_Stream7_IRQHandler
                0x0000000008000350                SPI5_IRQHandler
                0x0000000008000350                TIM5_IRQHandler
                0x0000000008000350                DMA2_Stream7_IRQHandler
                0x0000000008000350                I2C3_EV_IRQHandler
                0x0000000008000350                EXTI9_5_IRQHandler
                0x0000000008000350                RTC_WKUP_IRQHandler
                0x0000000008000350                SPI2_IRQHandler
                0x0000000008000350                DMA1_Stream0_IRQHandler
                0x0000000008000350                EXTI4_IRQHandler
                0x0000000008000350                WWDG_IRQHandler
                0x0000000008000350                TIM2_IRQHandler
                0x0000000008000350                OTG_FS_WKUP_IRQHandler
                0x0000000008000350                TIM1_TRG_COM_TIM11_IRQHandler
                0x0000000008000350                EXTI1_IRQHandler
                0x0000000008000350                USART2_IRQHandler
                0x0000000008000350                I2C2_ER_IRQHandler
                0x0000000008000350                DMA2_Stream1_IRQHandler
                0x0000000008000350                FLASH_IRQHandler
                0x0000000008000350                DMA2_Stream4_IRQHandler
                0x0000000008000350                USART1_IRQHandler
                0x0000000008000350                SPI3_IRQHandler
                0x0000000008000350                DMA1_Stream4_IRQHandler
                0x0000000008000350                I2C1_ER_IRQHandler
                0x0000000008000350                DMA2_Stream6_IRQHandler
                0x0000000008000350                DMA1_Stream3_IRQHandler
 *fill*         0x0000000008000352        0x2 
 .text.HAL_IncTick
                0x0000000008000354       0x28 ./Drivers/STM32F4xx_HAL_Driver/Src/stm32f4xx_hal.o
                0x0000000008000354                HAL_IncTick
 .text.HAL_GPIO_Init
                0x000000000800037c      0x308 ./Drivers/STM32F4xx_HAL_Driver/Src/stm32f4xx_hal_gpio.o
                0x000000000800037c                HAL_GPIO_Init
 .text.HAL_GPIO_TogglePin
                0x0000000008000684       0x34 ./Drivers/STM32F4xx_HAL_Driver/Src/stm32f4xx_hal_gpio.o
                0x0000000008000684                HAL_GPIO_TogglePin
 .text.HAL_HCD_IRQHandler
                0x00000000080006b8      0x216 ./Drivers/STM32F4xx_HAL_Driver/Src/stm32f4xx_hal_hcd.o
                0x00000000080006b8                HAL_HCD_IRQHandler
 .text.HAL_HCD_Stop
                0x00000000080008ce       0x3a ./Drivers/STM32F4xx_HAL_Driver/Src/stm32f4xx_hal_hcd.o
                0x00000000080008ce                HAL_HCD_Stop
 .text.HCD_HC_IN_IRQHandler
                0x0000000008000908      0x6aa ./Drivers/STM32F4xx_HAL_Driver/Src/stm32f4xx_hal_hcd.o
 .text.HCD_HC_OUT_IRQHandler
                0x0000000008000fb2      0x6d2 ./Drivers/STM32F4xx_HAL_Driver/Src/stm32f4xx_hal_hcd.o
 .text.HCD_RXQLVL_IRQHandler
                0x0000000008001684      0x1a4 ./Drivers/STM32F4xx_HAL_Driver/Src/stm32f4xx_hal_hcd.o
 .text.HCD_Port_IRQHandler
                0x0000000008001828       0xe6 ./Drivers/STM32F4xx_HAL_Driver/Src/stm32f4xx_hal_hcd.o
 .text.USB_EnableGlobalInt
                0x000000000800190e       0x22 ./Drivers/STM32F4xx_HAL_Driver/Src/stm32f4xx_ll_usb.o
                0x000000000800190e                USB_EnableGlobalInt
 .text.USB_DisableGlobalInt
                0x0000000008001930       0x22 ./Drivers/STM32F4xx_HAL_Driver/Src/stm32f4xx_ll_usb.o
                0x0000000008001930                USB_DisableGlobalInt
 *fill*         0x0000000008001952        0x2 
 .text.USB_FlushTxFifo
                0x0000000008001954       0x68 ./Drivers/STM32F4xx_HAL_Driver/Src/stm32f4xx_ll_usb.o
                0x0000000008001954                USB_FlushTxFifo
 .text.USB_FlushRxFifo
                0x00000000080019bc       0x60 ./Drivers/STM32F4xx_HAL_Driver/Src/stm32f4xx_ll_usb.o
                0x00000000080019bc                USB_FlushRxFifo
 .text.USB_ReadPacket
                0x0000000008001a1c       0xb0 ./Drivers/STM32F4xx_HAL_Driver/Src/stm32f4xx_ll_usb.o
                0x0000000008001a1c                USB_ReadPacket
 .text.USB_ReadInterrupts
                0x0000000008001acc       0x26 ./Drivers/STM32F4xx_HAL_Driver/Src/stm32f4xx_ll_usb.o
                0x0000000008001acc                USB_ReadInterrupts
 .text.USB_GetMode
                0x0000000008001af2       0x1c ./Drivers/STM32F4xx_HAL_Driver/Src/stm32f4xx_ll_usb.o
                0x0000000008001af2                USB_GetMode
 .text.USB_InitFSLSPClkSel
                0x0000000008001b0e       0x74 ./Drivers/STM32F4xx_HAL_Driver/Src/stm32f4xx_ll_usb.o
                0x0000000008001b0e                USB_InitFSLSPClkSel
 .text.USB_HC_ReadInterrupt
                0x0000000008001b82       0x22 ./Drivers/STM32F4xx_HAL_Driver/Src/stm32f4xx_ll_usb.o
                0x0000000008001b82                USB_HC_ReadInterrupt
 .text.USB_HC_Halt
                0x0000000008001ba4      0x1f8 ./Drivers/STM32F4xx_HAL_Driver/Src/stm32f4xx_ll_usb.o
                0x0000000008001ba4                USB_HC_Halt
 .text.USB_StopHost
                0x0000000008001d9c      0x124 ./Drivers/STM32F4xx_HAL_Driver/Src/stm32f4xx_ll_usb.o
                0x0000000008001d9c                USB_StopHost
 .text.USBH_LL_IncTimer
                0x0000000008001ec0       0x24 ./Middlewares/ST/STM32_USB_Host_Library/Core/Src/usbh_core.o
                0x0000000008001ec0                USBH_LL_IncTimer
 .text.USBH_HandleSof
                0x0000000008001ee4       0x30 ./Middlewares/ST/STM32_USB_Host_Library/Core/Src/usbh_core.o
 .text.USBH_LL_PortEnabled
                0x0000000008001f14       0x1c ./Middlewares/ST/STM32_USB_Host_Library/Core/Src/usbh_core.o
                0x0000000008001f14                USBH_LL_PortEnabled
 .text.USBH_LL_PortDisabled
                0x0000000008001f30       0x1c ./Middlewares/ST/STM32_USB_Host_Library/Core/Src/usbh_core.o
                0x0000000008001f30                USBH_LL_PortDisabled
 .text.USBH_LL_Connect
                0x0000000008001f4c       0x2e ./Middlewares/ST/STM32_USB_Host_Library/Core/Src/usbh_core.o
                0x0000000008001f4c                USBH_LL_Connect
 .text.USBH_LL_Disconnect
                0x0000000008001f7a       0x48 ./Middlewares/ST/STM32_USB_Host_Library/Core/Src/usbh_core.o
                0x0000000008001f7a                USBH_LL_Disconnect
 .text.USBH_FreePipe
                0x0000000008001fc2       0x3c ./Middlewares/ST/STM32_USB_Host_Library/Core/Src/usbh_pipes.o
                0x0000000008001fc2                USBH_FreePipe
 .text.HAL_HCD_SOF_Callback
                0x0000000008001ffe       0x1c ./USB_HOST/Target/usbh_conf.o
                0x0000000008001ffe                HAL_HCD_SOF_Callback
 .text.HAL_HCD_Connect_Callback
                0x000000000800201a       0x1c ./USB_HOST/Target/usbh_conf.o
                0x000000000800201a                HAL_HCD_Connect_Callback
 .text.HAL_HCD_Disconnect_Callback
                0x0000000008002036       0x1c ./USB_HOST/Target/usbh_conf.o
                0x0000000008002036                HAL_HCD_Disconnect_Callback
 .text.HAL_HCD_HC_NotifyURBChange_Callback
                0x0000000008002052       0x1c ./USB_HOST/Target/usbh_conf.o
                0x0000000008002052                HAL_HCD_HC_NotifyURBChange_Callback
 .text.HAL_HCD_PortEnabled_Callback
                0x000000000800206e       0x1c ./USB_HOST/Target/usbh_conf.o
                0x000000000800206e                HAL_HCD_PortEnabled_Callback
 .text.HAL_HCD_PortDisabled_Callback
                0x000000000800208a       0x1c ./USB_HOST/Target/usbh_conf.o
                0x000000000800208a                HAL_HCD_PortDisabled_Callback
 .text.USBH_LL_Stop
                0x00000000080020a6       0x36 ./USB_HOST/Target/usbh_conf.o
                0x00000000080020a6                USBH_LL_Stop
 .text.USBH_Get_USB_Status
                0x00000000080020dc       0x58 ./USB_HOST/Target/usbh_conf.o
                0x00000000080020dc                USBH_Get_USB_Status
 .text.__libc_init_array
                0x0000000008002134       0x48 /home/juanmagil/st/stm32cubeide_1.10.1/plugins/com.st.stm32cube.ide.mcu.externaltools.gnu-tools-for-stm32.10.3-2021.10.linux64_1.0.0.202111181127/tools/bin/../lib/gcc/arm-none-eabi/10.3.1/../../../../arm-none-eabi/lib/thumb/v7e-m+fp/hard/libc_nano.a(lib_a-init.o)
                0x0000000008002134                __libc_init_array
 *(.glue_7)
 .glue_7        0x000000000800217c        0x0 linker stubs
 *(.glue_7t)
 .glue_7t       0x000000000800217c        0x0 linker stubs
 *(.eh_frame)
 .eh_frame      0x000000000800217c        0x0 /home/juanmagil/st/stm32cubeide_1.10.1/plugins/com.st.stm32cube.ide.mcu.externaltools.gnu-tools-for-stm32.10.3-2021.10.linux64_1.0.0.202111181127/tools/bin/../lib/gcc/arm-none-eabi/10.3.1/thumb/v7e-m+fp/hard/crtbegin.o
 *(.init)
 .init          0x000000000800217c        0x4 /home/juanmagil/st/stm32cubeide_1.10.1/plugins/com.st.stm32cube.ide.mcu.externaltools.gnu-tools-for-stm32.10.3-2021.10.linux64_1.0.0.202111181127/tools/bin/../lib/gcc/arm-none-eabi/10.3.1/thumb/v7e-m+fp/hard/crti.o
                0x000000000800217c                _init
 .init          0x0000000008002180        0x8 /home/juanmagil/st/stm32cubeide_1.10.1/plugins/com.st.stm32cube.ide.mcu.externaltools.gnu-tools-for-stm32.10.3-2021.10.linux64_1.0.0.202111181127/tools/bin/../lib/gcc/arm-none-eabi/10.3.1/thumb/v7e-m+fp/hard/crtn.o
 *(.fini)
 .fini          0x0000000008002188        0x4 /home/juanmagil/st/stm32cubeide_1.10.1/plugins/com.st.stm32cube.ide.mcu.externaltools.gnu-tools-for-stm32.10.3-2021.10.linux64_1.0.0.202111181127/tools/bin/../lib/gcc/arm-none-eabi/10.3.1/thumb/v7e-m+fp/hard/crti.o
                0x0000000008002188                _fini
 .fini          0x000000000800218c        0x8 /home/juanmagil/st/stm32cubeide_1.10.1/plugins/com.st.stm32cube.ide.mcu.externaltools.gnu-tools-for-stm32.10.3-2021.10.linux64_1.0.0.202111181127/tools/bin/../lib/gcc/arm-none-eabi/10.3.1/thumb/v7e-m+fp/hard/crtn.o
                0x0000000008002194                . = ALIGN (0x4)
                0x0000000008002194                _etext = .

.vfp11_veneer   0x0000000008002194        0x0
 .vfp11_veneer  0x0000000008002194        0x0 linker stubs

.v4_bx          0x0000000008002194        0x0
 .v4_bx         0x0000000008002194        0x0 linker stubs

.iplt           0x0000000008002194        0x0
 .iplt          0x0000000008002194        0x0 /home/juanmagil/st/stm32cubeide_1.10.1/plugins/com.st.stm32cube.ide.mcu.externaltools.gnu-tools-for-stm32.10.3-2021.10.linux64_1.0.0.202111181127/tools/bin/../lib/gcc/arm-none-eabi/10.3.1/thumb/v7e-m+fp/hard/crtbegin.o

.rel.dyn        0x0000000008002194        0x0
 .rel.iplt      0x0000000008002194        0x0 /home/juanmagil/st/stm32cubeide_1.10.1/plugins/com.st.stm32cube.ide.mcu.externaltools.gnu-tools-for-stm32.10.3-2021.10.linux64_1.0.0.202111181127/tools/bin/../lib/gcc/arm-none-eabi/10.3.1/thumb/v7e-m+fp/hard/crtbegin.o

.rodata         0x0000000008002194        0x0
                0x0000000008002194                . = ALIGN (0x4)
 *(.rodata)
 *(.rodata*)
                0x0000000008002194                . = ALIGN (0x4)

.ARM.extab      0x0000000008002194        0x0
                0x0000000008002194                . = ALIGN (0x4)
 *(.ARM.extab* .gnu.linkonce.armextab.*)
                0x0000000008002194                . = ALIGN (0x4)

.ARM            0x0000000008002194        0x0
                0x0000000008002194                . = ALIGN (0x4)
                0x0000000008002194                __exidx_start = .
 *(.ARM.exidx*)
                0x0000000008002194                __exidx_end = .
                0x0000000008002194                . = ALIGN (0x4)

.preinit_array  0x0000000008002194        0x0
                0x0000000008002194                . = ALIGN (0x4)
                0x0000000008002194                PROVIDE (__preinit_array_start = .)
 *(.preinit_array*)
                0x0000000008002194                PROVIDE (__preinit_array_end = .)
                0x0000000008002194                . = ALIGN (0x4)

.init_array     0x0000000008002194        0x4
                0x0000000008002194                . = ALIGN (0x4)
                0x0000000008002194                PROVIDE (__init_array_start = .)
 *(SORT_BY_NAME(.init_array.*))
 *(.init_array*)
 .init_array    0x0000000008002194        0x4 /home/juanmagil/st/stm32cubeide_1.10.1/plugins/com.st.stm32cube.ide.mcu.externaltools.gnu-tools-for-stm32.10.3-2021.10.linux64_1.0.0.202111181127/tools/bin/../lib/gcc/arm-none-eabi/10.3.1/thumb/v7e-m+fp/hard/crtbegin.o
                0x0000000008002198                PROVIDE (__init_array_end = .)
                0x0000000008002198                . = ALIGN (0x4)

.fini_array     0x0000000008002198        0x4
                0x0000000008002198                . = ALIGN (0x4)
                [!provide]                        PROVIDE (__fini_array_start = .)
 *(SORT_BY_NAME(.fini_array.*))
 *(.fini_array*)
 .fini_array    0x0000000008002198        0x4 /home/juanmagil/st/stm32cubeide_1.10.1/plugins/com.st.stm32cube.ide.mcu.externaltools.gnu-tools-for-stm32.10.3-2021.10.linux64_1.0.0.202111181127/tools/bin/../lib/gcc/arm-none-eabi/10.3.1/thumb/v7e-m+fp/hard/crtbegin.o
                [!provide]                        PROVIDE (__fini_array_end = .)
                0x000000000800219c                . = ALIGN (0x4)
                0x000000000800219c                _sidata = LOADADDR (.data)

.data           0x0000000020000000        0x4 load address 0x000000000800219c
                0x0000000020000000                . = ALIGN (0x4)
                0x0000000020000000                _sdata = .
 *(.data)
 *(.data*)
 .data.uwTickFreq
                0x0000000020000000        0x1 ./Drivers/STM32F4xx_HAL_Driver/Src/stm32f4xx_hal.o
                0x0000000020000000                uwTickFreq
 *(.RamFunc)
 *(.RamFunc*)
                0x0000000020000004                . = ALIGN (0x4)
 *fill*         0x0000000020000001        0x3 
                0x0000000020000004                _edata = .

.igot.plt       0x0000000020000004        0x0 load address 0x00000000080021a0
 .igot.plt      0x0000000020000004        0x0 /home/juanmagil/st/stm32cubeide_1.10.1/plugins/com.st.stm32cube.ide.mcu.externaltools.gnu-tools-for-stm32.10.3-2021.10.linux64_1.0.0.202111181127/tools/bin/../lib/gcc/arm-none-eabi/10.3.1/thumb/v7e-m+fp/hard/crtbegin.o
                0x0000000020000004                . = ALIGN (0x4)

.bss            0x0000000020000004      0x324 load address 0x00000000080021a0
                0x0000000020000004                _sbss = .
                0x0000000020000004                __bss_start__ = _sbss
 *(.bss)
 .bss           0x0000000020000004       0x1c /home/juanmagil/st/stm32cubeide_1.10.1/plugins/com.st.stm32cube.ide.mcu.externaltools.gnu-tools-for-stm32.10.3-2021.10.linux64_1.0.0.202111181127/tools/bin/../lib/gcc/arm-none-eabi/10.3.1/thumb/v7e-m+fp/hard/crtbegin.o
 *(.bss*)
 .bss.uwTick    0x0000000020000020        0x4 ./Drivers/STM32F4xx_HAL_Driver/Src/stm32f4xx_hal.o
                0x0000000020000020                uwTick
 .bss.hhcd_USB_OTG_FS
                0x0000000020000024      0x304 ./USB_HOST/Target/usbh_conf.o
                0x0000000020000024                hhcd_USB_OTG_FS
 *(COMMON)
                0x0000000020000328                . = ALIGN (0x4)
                0x0000000020000328                _ebss = .
                0x0000000020000328                __bss_end__ = _ebss

._user_heap_stack
                0x0000000020000328      0x600 load address 0x00000000080021a0
                0x0000000020000328                . = ALIGN (0x8)
                [!provide]                        PROVIDE (end = .)
                0x0000000020000328                PROVIDE (_end = .)
                0x0000000020000528                . = (. + _Min_Heap_Size)
 *fill*         0x0000000020000328      0x200 
                0x0000000020000928                . = (. + _Min_Stack_Size)
 *fill*         0x0000000020000528      0x400 
                0x0000000020000928                . = ALIGN (0x8)

/DISCARD/
 libc.a(*)
 libm.a(*)
 libgcc.a(*)

.ARM.attributes
                0x0000000000000000       0x30
 *(.ARM.attributes)
 .ARM.attributes
                0x0000000000000000       0x1e /home/juanmagil/st/stm32cubeide_1.10.1/plugins/com.st.stm32cube.ide.mcu.externaltools.gnu-tools-for-stm32.10.3-2021.10.linux64_1.0.0.202111181127/tools/bin/../lib/gcc/arm-none-eabi/10.3.1/thumb/v7e-m+fp/hard/crti.o
 .ARM.attributes
                0x000000000000001e       0x34 /home/juanmagil/st/stm32cubeide_1.10.1/plugins/com.st.stm32cube.ide.mcu.externaltools.gnu-tools-for-stm32.10.3-2021.10.linux64_1.0.0.202111181127/tools/bin/../lib/gcc/arm-none-eabi/10.3.1/thumb/v7e-m+fp/hard/crtbegin.o
 .ARM.attributes
                0x0000000000000052       0x34 ./Core/Src/main.o
 .ARM.attributes
                0x0000000000000086       0x34 ./Core/Src/stm32f4xx_it.o
 .ARM.attributes
                0x00000000000000ba       0x34 ./Core/Src/system_stm32f4xx.o
 .ARM.attributes
                0x00000000000000ee       0x21 ./Core/Startup/startup_stm32f411vetx.o
 .ARM.attributes
                0x000000000000010f       0x34 ./Drivers/STM32F4xx_HAL_Driver/Src/stm32f4xx_hal.o
 .ARM.attributes
                0x0000000000000143       0x34 ./Drivers/STM32F4xx_HAL_Driver/Src/stm32f4xx_hal_gpio.o
 .ARM.attributes
                0x0000000000000177       0x34 ./Drivers/STM32F4xx_HAL_Driver/Src/stm32f4xx_hal_hcd.o
 .ARM.attributes
                0x00000000000001ab       0x34 ./Drivers/STM32F4xx_HAL_Driver/Src/stm32f4xx_ll_usb.o
 .ARM.attributes
                0x00000000000001df       0x34 ./Middlewares/ST/STM32_USB_Host_Library/Core/Src/usbh_core.o
 .ARM.attributes
                0x0000000000000213       0x34 ./Middlewares/ST/STM32_USB_Host_Library/Core/Src/usbh_pipes.o
 .ARM.attributes
                0x0000000000000247       0x34 ./USB_HOST/Target/usbh_conf.o
 .ARM.attributes
                0x000000000000027b       0x34 /home/juanmagil/st/stm32cubeide_1.10.1/plugins/com.st.stm32cube.ide.mcu.externaltools.gnu-tools-for-stm32.10.3-2021.10.linux64_1.0.0.202111181127/tools/bin/../lib/gcc/arm-none-eabi/10.3.1/../../../../arm-none-eabi/lib/thumb/v7e-m+fp/hard/libc_nano.a(lib_a-init.o)
 .ARM.attributes
                0x00000000000002af       0x1e /home/juanmagil/st/stm32cubeide_1.10.1/plugins/com.st.stm32cube.ide.mcu.externaltools.gnu-tools-for-stm32.10.3-2021.10.linux64_1.0.0.202111181127/tools/bin/../lib/gcc/arm-none-eabi/10.3.1/thumb/v7e-m+fp/hard/crtn.o
OUTPUT(test.elf elf32-littlearm)
LOAD linker stubs
LOAD /home/juanmagil/st/stm32cubeide_1.10.1/plugins/com.st.stm32cube.ide.mcu.externaltools.gnu-tools-for-stm32.10.3-2021.10.linux64_1.0.0.202111181127/tools/bin/../lib/gcc/arm-none-eabi/10.3.1/../../../../arm-none-eabi/lib/thumb/v7e-m+fp/hard/libc.a
LOAD /home/juanmagil/st/stm32cubeide_1.10.1/plugins/com.st.stm32cube.ide.mcu.externaltools.gnu-tools-for-stm32.10.3-2021.10.linux64_1.0.0.202111181127/tools/bin/../lib/gcc/arm-none-eabi/10.3.1/../../../../arm-none-eabi/lib/thumb/v7e-m+fp/hard/libm.a
LOAD /home/juanmagil/st/stm32cubeide_1.10.1/plugins/com.st.stm32cube.ide.mcu.externaltools.gnu-tools-for-stm32.10.3-2021.10.linux64_1.0.0.202111181127/tools/bin/../lib/gcc/arm-none-eabi/10.3.1/thumb/v7e-m+fp/hard/libgcc.a

.debug_info     0x0000000000000000     0x84ac
 .debug_info    0x0000000000000000      0x46c ./Core/Src/main.o
 .debug_info    0x000000000000046c      0x675 ./Core/Src/stm32f4xx_it.o
 .debug_info    0x0000000000000ae1      0x54f ./Core/Src/system_stm32f4xx.o
 .debug_info    0x0000000000001030       0x22 ./Core/Startup/startup_stm32f411vetx.o
 .debug_info    0x0000000000001052      0x90d ./Drivers/STM32F4xx_HAL_Driver/Src/stm32f4xx_hal.o
 .debug_info    0x000000000000195f      0x78e ./Drivers/STM32F4xx_HAL_Driver/Src/stm32f4xx_hal_gpio.o
 .debug_info    0x00000000000020ed     0x10c6 ./Drivers/STM32F4xx_HAL_Driver/Src/stm32f4xx_hal_hcd.o
 .debug_info    0x00000000000031b3     0x1a97 ./Drivers/STM32F4xx_HAL_Driver/Src/stm32f4xx_ll_usb.o
 .debug_info    0x0000000000004c4a     0x1065 ./Middlewares/ST/STM32_USB_Host_Library/Core/Src/usbh_core.o
 .debug_info    0x0000000000005caf      0xb34 ./Middlewares/ST/STM32_USB_Host_Library/Core/Src/usbh_pipes.o
 .debug_info    0x00000000000067e3     0x1cc9 ./USB_HOST/Target/usbh_conf.o

.debug_abbrev   0x0000000000000000     0x1685
 .debug_abbrev  0x0000000000000000      0x17b ./Core/Src/main.o
 .debug_abbrev  0x000000000000017b      0x199 ./Core/Src/stm32f4xx_it.o
 .debug_abbrev  0x0000000000000314      0x116 ./Core/Src/system_stm32f4xx.o
 .debug_abbrev  0x000000000000042a       0x12 ./Core/Startup/startup_stm32f411vetx.o
 .debug_abbrev  0x000000000000043c      0x23e ./Drivers/STM32F4xx_HAL_Driver/Src/stm32f4xx_hal.o
 .debug_abbrev  0x000000000000067a      0x1c4 ./Drivers/STM32F4xx_HAL_Driver/Src/stm32f4xx_hal_gpio.o
 .debug_abbrev  0x000000000000083e      0x27e ./Drivers/STM32F4xx_HAL_Driver/Src/stm32f4xx_hal_hcd.o
 .debug_abbrev  0x0000000000000abc      0x296 ./Drivers/STM32F4xx_HAL_Driver/Src/stm32f4xx_ll_usb.o
 .debug_abbrev  0x0000000000000d52      0x317 ./Middlewares/ST/STM32_USB_Host_Library/Core/Src/usbh_core.o
 .debug_abbrev  0x0000000000001069      0x270 ./Middlewares/ST/STM32_USB_Host_Library/Core/Src/usbh_pipes.o
 .debug_abbrev  0x00000000000012d9      0x3ac ./USB_HOST/Target/usbh_conf.o

.debug_aranges  0x0000000000000000      0x6a0
 .debug_aranges
                0x0000000000000000       0x30 ./Core/Src/main.o
 .debug_aranges
                0x0000000000000030       0x68 ./Core/Src/stm32f4xx_it.o
 .debug_aranges
                0x0000000000000098       0x28 ./Core/Src/system_stm32f4xx.o
 .debug_aranges
                0x00000000000000c0       0x28 ./Core/Startup/startup_stm32f411vetx.o
 .debug_aranges
                0x00000000000000e8       0xf0 ./Drivers/STM32F4xx_HAL_Driver/Src/stm32f4xx_hal.o
 .debug_aranges
                0x00000000000001d8       0x58 ./Drivers/STM32F4xx_HAL_Driver/Src/stm32f4xx_hal_gpio.o
 .debug_aranges
                0x0000000000000230       0xf8 ./Drivers/STM32F4xx_HAL_Driver/Src/stm32f4xx_hal_hcd.o
 .debug_aranges
                0x0000000000000328      0x1a0 ./Drivers/STM32F4xx_HAL_Driver/Src/stm32f4xx_ll_usb.o
 .debug_aranges
                0x00000000000004c8       0xc0 ./Middlewares/ST/STM32_USB_Host_Library/Core/Src/usbh_core.o
 .debug_aranges
                0x0000000000000588       0x40 ./Middlewares/ST/STM32_USB_Host_Library/Core/Src/usbh_pipes.o
 .debug_aranges
                0x00000000000005c8       0xd8 ./USB_HOST/Target/usbh_conf.o

.debug_ranges   0x0000000000000000      0x5f8
 .debug_ranges  0x0000000000000000       0x20 ./Core/Src/main.o
 .debug_ranges  0x0000000000000020       0x58 ./Core/Src/stm32f4xx_it.o
 .debug_ranges  0x0000000000000078       0x18 ./Core/Src/system_stm32f4xx.o
 .debug_ranges  0x0000000000000090       0x20 ./Core/Startup/startup_stm32f411vetx.o
 .debug_ranges  0x00000000000000b0       0xe0 ./Drivers/STM32F4xx_HAL_Driver/Src/stm32f4xx_hal.o
 .debug_ranges  0x0000000000000190       0x48 ./Drivers/STM32F4xx_HAL_Driver/Src/stm32f4xx_hal_gpio.o
 .debug_ranges  0x00000000000001d8       0xe8 ./Drivers/STM32F4xx_HAL_Driver/Src/stm32f4xx_hal_hcd.o
 .debug_ranges  0x00000000000002c0      0x190 ./Drivers/STM32F4xx_HAL_Driver/Src/stm32f4xx_ll_usb.o
 .debug_ranges  0x0000000000000450       0xb0 ./Middlewares/ST/STM32_USB_Host_Library/Core/Src/usbh_core.o
 .debug_ranges  0x0000000000000500       0x30 ./Middlewares/ST/STM32_USB_Host_Library/Core/Src/usbh_pipes.o
 .debug_ranges  0x0000000000000530       0xc8 ./USB_HOST/Target/usbh_conf.o

.debug_macro    0x0000000000000000    0x159cd
 .debug_macro   0x0000000000000000      0x205 ./Core/Src/main.o
 .debug_macro   0x0000000000000205      0xa78 ./Core/Src/main.o
 .debug_macro   0x0000000000000c7d      0x2a7 ./Core/Src/main.o
 .debug_macro   0x0000000000000f24       0x2e ./Core/Src/main.o
 .debug_macro   0x0000000000000f52       0x28 ./Core/Src/main.o
 .debug_macro   0x0000000000000f7a       0x22 ./Core/Src/main.o
 .debug_macro   0x0000000000000f9c       0x8e ./Core/Src/main.o
 .debug_macro   0x000000000000102a       0x51 ./Core/Src/main.o
 .debug_macro   0x000000000000107b      0x103 ./Core/Src/main.o
 .debug_macro   0x000000000000117e       0x6a ./Core/Src/main.o
 .debug_macro   0x00000000000011e8      0x1df ./Core/Src/main.o
 .debug_macro   0x00000000000013c7       0x1c ./Core/Src/main.o
 .debug_macro   0x00000000000013e3       0x22 ./Core/Src/main.o
 .debug_macro   0x0000000000001405       0xd9 ./Core/Src/main.o
 .debug_macro   0x00000000000014de     0x102d ./Core/Src/main.o
 .debug_macro   0x000000000000250b      0x11f ./Core/Src/main.o
 .debug_macro   0x000000000000262a     0xb953 ./Core/Src/main.o
 .debug_macro   0x000000000000df7d       0x6d ./Core/Src/main.o
 .debug_macro   0x000000000000dfea     0x367e ./Core/Src/main.o
 .debug_macro   0x0000000000011668      0x174 ./Core/Src/main.o
 .debug_macro   0x00000000000117dc       0x5c ./Core/Src/main.o
 .debug_macro   0x0000000000011838      0x447 ./Core/Src/main.o
 .debug_macro   0x0000000000011c7f      0x9fe ./Core/Src/main.o
 .debug_macro   0x000000000001267d      0x115 ./Core/Src/main.o
 .debug_macro   0x0000000000012792      0x11b ./Core/Src/main.o
 .debug_macro   0x00000000000128ad       0xa5 ./Core/Src/main.o
 .debug_macro   0x0000000000012952      0x15f ./Core/Src/main.o
 .debug_macro   0x0000000000012ab1      0x287 ./Core/Src/main.o
 .debug_macro   0x0000000000012d38       0x5f ./Core/Src/main.o
 .debug_macro   0x0000000000012d97      0x236 ./Core/Src/main.o
 .debug_macro   0x0000000000012fcd      0x132 ./Core/Src/main.o
 .debug_macro   0x00000000000130ff      0x264 ./Core/Src/main.o
 .debug_macro   0x0000000000013363       0x2e ./Core/Src/main.o
 .debug_macro   0x0000000000013391      0x1b5 ./Core/Src/main.o
 .debug_macro   0x0000000000013546       0x22 ./Core/Src/main.o
 .debug_macro   0x0000000000013568       0xd6 ./Core/Src/main.o
 .debug_macro   0x000000000001363e      0x1a7 ./Core/Src/main.o
 .debug_macro   0x00000000000137e5       0x46 ./Core/Src/main.o
 .debug_macro   0x000000000001382b       0x4a ./Core/Src/main.o
 .debug_macro   0x0000000000013875      0x11a ./Core/Src/main.o
 .debug_macro   0x000000000001398f       0x85 ./Core/Src/main.o
 .debug_macro   0x0000000000013a14       0x89 ./Core/Src/main.o
 .debug_macro   0x0000000000013a9d      0x225 ./Core/Src/main.o
 .debug_macro   0x0000000000013cc2      0x248 ./Core/Src/main.o
 .debug_macro   0x0000000000013f0a       0x7c ./Core/Src/main.o
 .debug_macro   0x0000000000013f86      0x126 ./Core/Src/main.o
 .debug_macro   0x00000000000140ac      0x21e ./Core/Src/stm32f4xx_it.o
 .debug_macro   0x00000000000142ca      0x205 ./Core/Src/system_stm32f4xx.o
 .debug_macro   0x00000000000144cf      0x265 ./Drivers/STM32F4xx_HAL_Driver/Src/stm32f4xx_hal.o
 .debug_macro   0x0000000000014734      0x20b ./Drivers/STM32F4xx_HAL_Driver/Src/stm32f4xx_hal_gpio.o
 .debug_macro   0x000000000001493f      0x205 ./Drivers/STM32F4xx_HAL_Driver/Src/stm32f4xx_hal_hcd.o
 .debug_macro   0x0000000000014b44      0x205 ./Drivers/STM32F4xx_HAL_Driver/Src/stm32f4xx_ll_usb.o
 .debug_macro   0x0000000000014d49      0x430 ./Middlewares/ST/STM32_USB_Host_Library/Core/Src/usbh_core.o
 .debug_macro   0x0000000000015179      0x422 ./Middlewares/ST/STM32_USB_Host_Library/Core/Src/usbh_pipes.o
 .debug_macro   0x000000000001559b      0x432 ./USB_HOST/Target/usbh_conf.o

.debug_line     0x0000000000000000     0x837c
 .debug_line    0x0000000000000000      0x761 ./Core/Src/main.o
 .debug_line    0x0000000000000761      0x7fb ./Core/Src/stm32f4xx_it.o
 .debug_line    0x0000000000000f5c      0x7a2 ./Core/Src/system_stm32f4xx.o
 .debug_line    0x00000000000016fe       0x88 ./Core/Startup/startup_stm32f411vetx.o
 .debug_line    0x0000000000001786      0xa08 ./Drivers/STM32F4xx_HAL_Driver/Src/stm32f4xx_hal.o
 .debug_line    0x000000000000218e      0xb40 ./Drivers/STM32F4xx_HAL_Driver/Src/stm32f4xx_hal_gpio.o
 .debug_line    0x0000000000002cce     0x1205 ./Drivers/STM32F4xx_HAL_Driver/Src/stm32f4xx_hal_hcd.o
 .debug_line    0x0000000000003ed3     0x1ac5 ./Drivers/STM32F4xx_HAL_Driver/Src/stm32f4xx_ll_usb.o
 .debug_line    0x0000000000005998     0x11b2 ./Middlewares/ST/STM32_USB_Host_Library/Core/Src/usbh_core.o
 .debug_line    0x0000000000006b4a      0xab8 ./Middlewares/ST/STM32_USB_Host_Library/Core/Src/usbh_pipes.o
 .debug_line    0x0000000000007602      0xd7a ./USB_HOST/Target/usbh_conf.o

.debug_str      0x0000000000000000    0x8adba
 .debug_str     0x0000000000000000    0x82ea2 ./Core/Src/main.o
                                      0x8312c (size before relaxing)
 .debug_str     0x0000000000082ea2      0xb32 ./Core/Src/stm32f4xx_it.o
                                      0x83b05 (size before relaxing)
 .debug_str     0x00000000000839d4       0xdb ./Core/Src/system_stm32f4xx.o
                                      0x8313b (size before relaxing)
 .debug_str     0x0000000000083aaf       0x36 ./Core/Startup/startup_stm32f411vetx.o
                                         0x6f (size before relaxing)
 .debug_str     0x0000000000083ae5      0xa0f ./Drivers/STM32F4xx_HAL_Driver/Src/stm32f4xx_hal.o
                                      0x83b67 (size before relaxing)
 .debug_str     0x00000000000844f4      0x15a ./Drivers/STM32F4xx_HAL_Driver/Src/stm32f4xx_hal_gpio.o
                                      0x832b6 (size before relaxing)
 .debug_str     0x000000000008464e      0x54c ./Drivers/STM32F4xx_HAL_Driver/Src/stm32f4xx_hal_hcd.o
                                      0x83906 (size before relaxing)
 .debug_str     0x0000000000084b9a      0x52b ./Drivers/STM32F4xx_HAL_Driver/Src/stm32f4xx_ll_usb.o
                                      0x83a53 (size before relaxing)
 .debug_str     0x00000000000850c5     0x5aa0 ./Middlewares/ST/STM32_USB_Host_Library/Core/Src/usbh_core.o
                                      0x8917a (size before relaxing)
 .debug_str     0x000000000008ab65       0x98 ./Middlewares/ST/STM32_USB_Host_Library/Core/Src/usbh_pipes.o
                                      0x88eb9 (size before relaxing)
 .debug_str     0x000000000008abfd      0x1bd ./USB_HOST/Target/usbh_conf.o
                                      0x89c65 (size before relaxing)

.comment        0x0000000000000000       0x50
 .comment       0x0000000000000000       0x50 ./Core/Src/main.o
                                         0x51 (size before relaxing)
 .comment       0x0000000000000050       0x51 ./Core/Src/stm32f4xx_it.o
 .comment       0x0000000000000050       0x51 ./Core/Src/system_stm32f4xx.o
 .comment       0x0000000000000050       0x51 ./Drivers/STM32F4xx_HAL_Driver/Src/stm32f4xx_hal.o
 .comment       0x0000000000000050       0x51 ./Drivers/STM32F4xx_HAL_Driver/Src/stm32f4xx_hal_gpio.o
 .comment       0x0000000000000050       0x51 ./Drivers/STM32F4xx_HAL_Driver/Src/stm32f4xx_hal_hcd.o
 .comment       0x0000000000000050       0x51 ./Drivers/STM32F4xx_HAL_Driver/Src/stm32f4xx_ll_usb.o
 .comment       0x0000000000000050       0x51 ./Middlewares/ST/STM32_USB_Host_Library/Core/Src/usbh_core.o
 .comment       0x0000000000000050       0x51 ./Middlewares/ST/STM32_USB_Host_Library/Core/Src/usbh_pipes.o
 .comment       0x0000000000000050       0x51 ./USB_HOST/Target/usbh_conf.o

.debug_frame    0x0000000000000000     0x1a78
 .debug_frame   0x0000000000000000       0x78 ./Core/Src/main.o
 .debug_frame   0x0000000000000078      0x120 ./Core/Src/stm32f4xx_it.o
 .debug_frame   0x0000000000000198       0x58 ./Core/Src/system_stm32f4xx.o
 .debug_frame   0x00000000000001f0      0x374 ./Drivers/STM32F4xx_HAL_Driver/Src/stm32f4xx_hal.o
 .debug_frame   0x0000000000000564      0x14c ./Drivers/STM32F4xx_HAL_Driver/Src/stm32f4xx_hal_gpio.o
 .debug_frame   0x00000000000006b0      0x450 ./Drivers/STM32F4xx_HAL_Driver/Src/stm32f4xx_hal_hcd.o
 .debug_frame   0x0000000000000b00      0x7c0 ./Drivers/STM32F4xx_HAL_Driver/Src/stm32f4xx_ll_usb.o
 .debug_frame   0x00000000000012c0      0x338 ./Middlewares/ST/STM32_USB_Host_Library/Core/Src/usbh_core.o
 .debug_frame   0x00000000000015f8       0xcc ./Middlewares/ST/STM32_USB_Host_Library/Core/Src/usbh_pipes.o
 .debug_frame   0x00000000000016c4      0x388 ./USB_HOST/Target/usbh_conf.o
 .debug_frame   0x0000000000001a4c       0x2c /home/juanmagil/st/stm32cubeide_1.10.1/plugins/com.st.stm32cube.ide.mcu.externaltools.gnu-tools-for-stm32.10.3-2021.10.linux64_1.0.0.202111181127/tools/bin/../lib/gcc/arm-none-eabi/10.3.1/../../../../arm-none-eabi/lib/thumb/v7e-m+fp/hard/libc_nano.a(lib_a-init.o)
