17:16:26 **** Incremental Build of configuration Debug for project uart_recieve ****
make -j4 all 
Building file: ../src/main.c
Invoking: MCU GCC Compiler
C:\Users\sofia\workspace\uart_recieve\Debug
arm-none-eabi-gcc -mcpu=cortex-m4 -mthumb -mfloat-abi=hard -mfpu=fpv4-sp-d16 -DSTM32 -DSTM32F4 -DSTM32F411VETx -DSTM32F411E_DISCO -DDEBUG -DSTM32F411xE -DUSE_HAL_DRIVER -I"C:/Users/sofia/workspace/uart_recieve/Utilities/Components/ili9325" -I"C:/Users/sofia/workspace/uart_recieve/Utilities/Components/s25fl512s" -I"C:/Users/sofia/workspace/uart_recieve/Utilities/Components/cs43l22" -I"C:/Users/sofia/workspace/uart_recieve/Utilities/Components/ili9341" -I"C:/Users/sofia/workspace/uart_recieve/Utilities/Components/ampire480272" -I"C:/Users/sofia/workspace/uart_recieve/Utilities/Components/n25q512a" -I"C:/Users/sofia/workspace/uart_recieve/Utilities/Components/s5k5cag" -I"C:/Users/sofia/workspace/uart_recieve/Utilities/Components/mfxstm32l152" -I"C:/Users/sofia/workspace/uart_recieve/CMSIS/device" -I"C:/Users/sofia/workspace/uart_recieve/Utilities/Components/n25q128a" -I"C:/Users/sofia/workspace/uart_recieve/Utilities/Components/ts3510" -I"C:/Users/sofia/workspace/uart_recieve/Utilities/Components/st7735" -I"C:/Users/sofia/workspace/uart_recieve/HAL_Driver/Inc/Legacy" -I"C:/Users/sofia/workspace/uart_recieve/Utilities/Components/lis302dl" -I"C:/Users/sofia/workspace/uart_recieve/Utilities/Components/otm8009a" -I"C:/Users/sofia/workspace/uart_recieve/Utilities/Components/stmpe1600" -I"C:/Users/sofia/workspace/uart_recieve/Utilities/Components/Common" -I"C:/Users/sofia/workspace/uart_recieve/Utilities/Components/ov2640" -I"C:/Users/sofia/workspace/uart_recieve/Utilities/Components/l3gd20" -I"C:/Users/sofia/workspace/uart_recieve/Utilities/STM32F411E-Discovery" -I"C:/Users/sofia/workspace/uart_recieve/HAL_Driver/Inc" -I"C:/Users/sofia/workspace/uart_recieve/Utilities" -I"C:/Users/sofia/workspace/uart_recieve/Utilities/Components/stmpe811" -I"C:/Users/sofia/workspace/uart_recieve/Utilities/Components/lis3dsh" -I"C:/Users/sofia/workspace/uart_recieve/Utilities/Components/wm8994" -I"C:/Users/sofia/workspace/uart_recieve/Utilities/Fonts" -I"C:/Users/sofia/workspace/uart_recieve/Utilities/Components/n25q256a" -I"C:/Users/sofia/workspace/uart_recieve/inc" -I"C:/Users/sofia/workspace/uart_recieve/Utilities/Components/ls016b8uy" -I"C:/Users/sofia/workspace/uart_recieve/Utilities/Components/ft6x06" -I"C:/Users/sofia/workspace/uart_recieve/Utilities/Components/exc7200" -I"C:/Users/sofia/workspace/uart_recieve/Utilities/Components/st7789h2" -I"C:/Users/sofia/workspace/uart_recieve/Utilities/Components/ampire640480" -I"C:/Users/sofia/workspace/uart_recieve/Utilities/Components/lsm303dlhc" -I"C:/Users/sofia/workspace/uart_recieve/CMSIS/core" -O0 -g3 -Wall -fmessage-length=0 -ffunction-sections -c -MMD -MP -MF"src/main.d" -MT"src/main.o" -o "src/main.o" "../src/main.c"
Finished building: ../src/main.c
 
Building target: uart_recieve.elf
Invoking: MCU GCC Linker
arm-none-eabi-gcc -mcpu=cortex-m4 -mthumb -mfloat-abi=hard -mfpu=fpv4-sp-d16 -T"C:/Users/sofia/workspace/uart_recieve/LinkerScript.ld" -Wl,-Map=output.map -Wl,--gc-sections -o "uart_recieve.elf" @"objects.list"   -lm
Finished building target: uart_recieve.elf
 
make --no-print-directory post-build
Generating binary and Printing size information:
arm-none-eabi-objcopy -O binary "uart_recieve.elf" "uart_recieve.bin"
arm-none-eabi-size "uart_recieve.elf"
   text	   data	    bss	    dec	    hex	filename
   5152	   1128	   1668	   7948	   1f0c	uart_recieve.elf
 
17:16:36 **** Incremental Build of configuration Debug for project uart_recieve ****
make -j4 all 
make: Nothing to be done for 'all'.
17:21:55 **** Incremental Build of configuration Debug for project uart_recieve ****
make -j4 all 
Building file: ../src/main.c
Invoking: MCU GCC Compiler
C:\Users\sofia\workspace\uart_recieve\Debug
arm-none-eabi-gcc -mcpu=cortex-m4 -mthumb -mfloat-abi=hard -mfpu=fpv4-sp-d16 -DSTM32 -DSTM32F4 -DSTM32F411VETx -DSTM32F411E_DISCO -DDEBUG -DSTM32F411xE -DUSE_HAL_DRIVER -I"C:/Users/sofia/workspace/uart_recieve/Utilities/Components/ili9325" -I"C:/Users/sofia/workspace/uart_recieve/Utilities/Components/s25fl512s" -I"C:/Users/sofia/workspace/uart_recieve/Utilities/Components/cs43l22" -I"C:/Users/sofia/workspace/uart_recieve/Utilities/Components/ili9341" -I"C:/Users/sofia/workspace/uart_recieve/Utilities/Components/ampire480272" -I"C:/Users/sofia/workspace/uart_recieve/Utilities/Components/n25q512a" -I"C:/Users/sofia/workspace/uart_recieve/Utilities/Components/s5k5cag" -I"C:/Users/sofia/workspace/uart_recieve/Utilities/Components/mfxstm32l152" -I"C:/Users/sofia/workspace/uart_recieve/CMSIS/device" -I"C:/Users/sofia/workspace/uart_recieve/Utilities/Components/n25q128a" -I"C:/Users/sofia/workspace/uart_recieve/Utilities/Components/ts3510" -I"C:/Users/sofia/workspace/uart_recieve/Utilities/Components/st7735" -I"C:/Users/sofia/workspace/uart_recieve/HAL_Driver/Inc/Legacy" -I"C:/Users/sofia/workspace/uart_recieve/Utilities/Components/lis302dl" -I"C:/Users/sofia/workspace/uart_recieve/Utilities/Components/otm8009a" -I"C:/Users/sofia/workspace/uart_recieve/Utilities/Components/stmpe1600" -I"C:/Users/sofia/workspace/uart_recieve/Utilities/Components/Common" -I"C:/Users/sofia/workspace/uart_recieve/Utilities/Components/ov2640" -I"C:/Users/sofia/workspace/uart_recieve/Utilities/Components/l3gd20" -I"C:/Users/sofia/workspace/uart_recieve/Utilities/STM32F411E-Discovery" -I"C:/Users/sofia/workspace/uart_recieve/HAL_Driver/Inc" -I"C:/Users/sofia/workspace/uart_recieve/Utilities" -I"C:/Users/sofia/workspace/uart_recieve/Utilities/Components/stmpe811" -I"C:/Users/sofia/workspace/uart_recieve/Utilities/Components/lis3dsh" -I"C:/Users/sofia/workspace/uart_recieve/Utilities/Components/wm8994" -I"C:/Users/sofia/workspace/uart_recieve/Utilities/Fonts" -I"C:/Users/sofia/workspace/uart_recieve/Utilities/Components/n25q256a" -I"C:/Users/sofia/workspace/uart_recieve/inc" -I"C:/Users/sofia/workspace/uart_recieve/Utilities/Components/ls016b8uy" -I"C:/Users/sofia/workspace/uart_recieve/Utilities/Components/ft6x06" -I"C:/Users/sofia/workspace/uart_recieve/Utilities/Components/exc7200" -I"C:/Users/sofia/workspace/uart_recieve/Utilities/Components/st7789h2" -I"C:/Users/sofia/workspace/uart_recieve/Utilities/Components/ampire640480" -I"C:/Users/sofia/workspace/uart_recieve/Utilities/Components/lsm303dlhc" -I"C:/Users/sofia/workspace/uart_recieve/CMSIS/core" -O0 -g3 -Wall -fmessage-length=0 -ffunction-sections -c -MMD -MP -MF"src/main.d" -MT"src/main.o" -o "src/main.o" "../src/main.c"
../src/main.c: In function 'main':
../src/main.c:21:3: warning: implicit declaration of function 'Delay'; did you mean 'Delay_ms'? [-Wimplicit-function-declaration]
   Delay(100);
   ^~~~~
   Delay_ms
Finished building: ../src/main.c
 
Building target: uart_recieve.elf
Invoking: MCU GCC Linker
arm-none-eabi-gcc -mcpu=cortex-m4 -mthumb -mfloat-abi=hard -mfpu=fpv4-sp-d16 -T"C:/Users/sofia/workspace/uart_recieve/LinkerScript.ld" -Wl,-Map=output.map -Wl,--gc-sections -o "uart_recieve.elf" @"objects.list"   -lm
src/main.o: In function `main':
C:\Users\sofia\workspace\uart_recieve\Debug/../src/main.c:21: undefined reference to `Delay'
collect2.exe: error: ld returned 1 exit status
make: *** [uart_recieve.elf] Error 1
makefile:57: recipe for target 'uart_recieve.elf' failed
17:22:19 **** Incremental Build of configuration Debug for project uart_recieve ****
make -j4 all 
Building file: ../src/main.c
Invoking: MCU GCC Compiler
C:\Users\sofia\workspace\uart_recieve\Debug
arm-none-eabi-gcc -mcpu=cortex-m4 -mthumb -mfloat-abi=hard -mfpu=fpv4-sp-d16 -DSTM32 -DSTM32F4 -DSTM32F411VETx -DSTM32F411E_DISCO -DDEBUG -DSTM32F411xE -DUSE_HAL_DRIVER -I"C:/Users/sofia/workspace/uart_recieve/Utilities/Components/ili9325" -I"C:/Users/sofia/workspace/uart_recieve/Utilities/Components/s25fl512s" -I"C:/Users/sofia/workspace/uart_recieve/Utilities/Components/cs43l22" -I"C:/Users/sofia/workspace/uart_recieve/Utilities/Components/ili9341" -I"C:/Users/sofia/workspace/uart_recieve/Utilities/Components/ampire480272" -I"C:/Users/sofia/workspace/uart_recieve/Utilities/Components/n25q512a" -I"C:/Users/sofia/workspace/uart_recieve/Utilities/Components/s5k5cag" -I"C:/Users/sofia/workspace/uart_recieve/Utilities/Components/mfxstm32l152" -I"C:/Users/sofia/workspace/uart_recieve/CMSIS/device" -I"C:/Users/sofia/workspace/uart_recieve/Utilities/Components/n25q128a" -I"C:/Users/sofia/workspace/uart_recieve/Utilities/Components/ts3510" -I"C:/Users/sofia/workspace/uart_recieve/Utilities/Components/st7735" -I"C:/Users/sofia/workspace/uart_recieve/HAL_Driver/Inc/Legacy" -I"C:/Users/sofia/workspace/uart_recieve/Utilities/Components/lis302dl" -I"C:/Users/sofia/workspace/uart_recieve/Utilities/Components/otm8009a" -I"C:/Users/sofia/workspace/uart_recieve/Utilities/Components/stmpe1600" -I"C:/Users/sofia/workspace/uart_recieve/Utilities/Components/Common" -I"C:/Users/sofia/workspace/uart_recieve/Utilities/Components/ov2640" -I"C:/Users/sofia/workspace/uart_recieve/Utilities/Components/l3gd20" -I"C:/Users/sofia/workspace/uart_recieve/Utilities/STM32F411E-Discovery" -I"C:/Users/sofia/workspace/uart_recieve/HAL_Driver/Inc" -I"C:/Users/sofia/workspace/uart_recieve/Utilities" -I"C:/Users/sofia/workspace/uart_recieve/Utilities/Components/stmpe811" -I"C:/Users/sofia/workspace/uart_recieve/Utilities/Components/lis3dsh" -I"C:/Users/sofia/workspace/uart_recieve/Utilities/Components/wm8994" -I"C:/Users/sofia/workspace/uart_recieve/Utilities/Fonts" -I"C:/Users/sofia/workspace/uart_recieve/Utilities/Components/n25q256a" -I"C:/Users/sofia/workspace/uart_recieve/inc" -I"C:/Users/sofia/workspace/uart_recieve/Utilities/Components/ls016b8uy" -I"C:/Users/sofia/workspace/uart_recieve/Utilities/Components/ft6x06" -I"C:/Users/sofia/workspace/uart_recieve/Utilities/Components/exc7200" -I"C:/Users/sofia/workspace/uart_recieve/Utilities/Components/st7789h2" -I"C:/Users/sofia/workspace/uart_recieve/Utilities/Components/ampire640480" -I"C:/Users/sofia/workspace/uart_recieve/Utilities/Components/lsm303dlhc" -I"C:/Users/sofia/workspace/uart_recieve/CMSIS/core" -O0 -g3 -Wall -fmessage-length=0 -ffunction-sections -c -MMD -MP -MF"src/main.d" -MT"src/main.o" -o "src/main.o" "../src/main.c"
Finished building: ../src/main.c
 
Building target: uart_recieve.elf
Invoking: MCU GCC Linker
arm-none-eabi-gcc -mcpu=cortex-m4 -mthumb -mfloat-abi=hard -mfpu=fpv4-sp-d16 -T"C:/Users/sofia/workspace/uart_recieve/LinkerScript.ld" -Wl,-Map=output.map -Wl,--gc-sections -o "uart_recieve.elf" @"objects.list"   -lm
Finished building target: uart_recieve.elf
 
make --no-print-directory post-build
Generating binary and Printing size information:
arm-none-eabi-objcopy -O binary "uart_recieve.elf" "uart_recieve.bin"
arm-none-eabi-size "uart_recieve.elf"
   text	   data	    bss	    dec	    hex	filename
   5208	   1128	   1668	   8004	   1f44	uart_recieve.elf
 
17:25:26 **** Incremental Build of configuration Debug for project uart_recieve ****
make -j4 all 
Building file: ../src/main.c
Invoking: MCU GCC Compiler
C:\Users\sofia\workspace\uart_recieve\Debug
arm-none-eabi-gcc -mcpu=cortex-m4 -mthumb -mfloat-abi=hard -mfpu=fpv4-sp-d16 -DSTM32 -DSTM32F4 -DSTM32F411VETx -DSTM32F411E_DISCO -DDEBUG -DSTM32F411xE -DUSE_HAL_DRIVER -I"C:/Users/sofia/workspace/uart_recieve/Utilities/Components/ili9325" -I"C:/Users/sofia/workspace/uart_recieve/Utilities/Components/s25fl512s" -I"C:/Users/sofia/workspace/uart_recieve/Utilities/Components/cs43l22" -I"C:/Users/sofia/workspace/uart_recieve/Utilities/Components/ili9341" -I"C:/Users/sofia/workspace/uart_recieve/Utilities/Components/ampire480272" -I"C:/Users/sofia/workspace/uart_recieve/Utilities/Components/n25q512a" -I"C:/Users/sofia/workspace/uart_recieve/Utilities/Components/s5k5cag" -I"C:/Users/sofia/workspace/uart_recieve/Utilities/Components/mfxstm32l152" -I"C:/Users/sofia/workspace/uart_recieve/CMSIS/device" -I"C:/Users/sofia/workspace/uart_recieve/Utilities/Components/n25q128a" -I"C:/Users/sofia/workspace/uart_recieve/Utilities/Components/ts3510" -I"C:/Users/sofia/workspace/uart_recieve/Utilities/Components/st7735" -I"C:/Users/sofia/workspace/uart_recieve/HAL_Driver/Inc/Legacy" -I"C:/Users/sofia/workspace/uart_recieve/Utilities/Components/lis302dl" -I"C:/Users/sofia/workspace/uart_recieve/Utilities/Components/otm8009a" -I"C:/Users/sofia/workspace/uart_recieve/Utilities/Components/stmpe1600" -I"C:/Users/sofia/workspace/uart_recieve/Utilities/Components/Common" -I"C:/Users/sofia/workspace/uart_recieve/Utilities/Components/ov2640" -I"C:/Users/sofia/workspace/uart_recieve/Utilities/Components/l3gd20" -I"C:/Users/sofia/workspace/uart_recieve/Utilities/STM32F411E-Discovery" -I"C:/Users/sofia/workspace/uart_recieve/HAL_Driver/Inc" -I"C:/Users/sofia/workspace/uart_recieve/Utilities" -I"C:/Users/sofia/workspace/uart_recieve/Utilities/Components/stmpe811" -I"C:/Users/sofia/workspace/uart_recieve/Utilities/Components/lis3dsh" -I"C:/Users/sofia/workspace/uart_recieve/Utilities/Components/wm8994" -I"C:/Users/sofia/workspace/uart_recieve/Utilities/Fonts" -I"C:/Users/sofia/workspace/uart_recieve/Utilities/Components/n25q256a" -I"C:/Users/sofia/workspace/uart_recieve/inc" -I"C:/Users/sofia/workspace/uart_recieve/Utilities/Components/ls016b8uy" -I"C:/Users/sofia/workspace/uart_recieve/Utilities/Components/ft6x06" -I"C:/Users/sofia/workspace/uart_recieve/Utilities/Components/exc7200" -I"C:/Users/sofia/workspace/uart_recieve/Utilities/Components/st7789h2" -I"C:/Users/sofia/workspace/uart_recieve/Utilities/Components/ampire640480" -I"C:/Users/sofia/workspace/uart_recieve/Utilities/Components/lsm303dlhc" -I"C:/Users/sofia/workspace/uart_recieve/CMSIS/core" -O0 -g3 -Wall -fmessage-length=0 -ffunction-sections -c -MMD -MP -MF"src/main.d" -MT"src/main.o" -o "src/main.o" "../src/main.c"
Finished building: ../src/main.c
 
Building target: uart_recieve.elf
Invoking: MCU GCC Linker
arm-none-eabi-gcc -mcpu=cortex-m4 -mthumb -mfloat-abi=hard -mfpu=fpv4-sp-d16 -T"C:/Users/sofia/workspace/uart_recieve/LinkerScript.ld" -Wl,-Map=output.map -Wl,--gc-sections -o "uart_recieve.elf" @"objects.list"   -lm
Finished building target: uart_recieve.elf
 
make --no-print-directory post-build
Generating binary and Printing size information:
arm-none-eabi-objcopy -O binary "uart_recieve.elf" "uart_recieve.bin"
arm-none-eabi-size "uart_recieve.elf"
   text	   data	    bss	    dec	    hex	filename
   5208	   1128	   1668	   8004	   1f44	uart_recieve.elf
 
17:26:11 **** Incremental Build of configuration Debug for project uart_recieve ****
make -j4 all 
make: Nothing to be done for 'all'.
17:31:32 **** Incremental Build of configuration Debug for project uart_recieve ****
make -j4 all 
Building file: ../src/main.c
Invoking: MCU GCC Compiler
C:\Users\sofia\workspace\uart_recieve\Debug
arm-none-eabi-gcc -mcpu=cortex-m4 -mthumb -mfloat-abi=hard -mfpu=fpv4-sp-d16 -DSTM32 -DSTM32F4 -DSTM32F411VETx -DSTM32F411E_DISCO -DDEBUG -DSTM32F411xE -DUSE_HAL_DRIVER -I"C:/Users/sofia/workspace/uart_recieve/Utilities/Components/ili9325" -I"C:/Users/sofia/workspace/uart_recieve/Utilities/Components/s25fl512s" -I"C:/Users/sofia/workspace/uart_recieve/Utilities/Components/cs43l22" -I"C:/Users/sofia/workspace/uart_recieve/Utilities/Components/ili9341" -I"C:/Users/sofia/workspace/uart_recieve/Utilities/Components/ampire480272" -I"C:/Users/sofia/workspace/uart_recieve/Utilities/Components/n25q512a" -I"C:/Users/sofia/workspace/uart_recieve/Utilities/Components/s5k5cag" -I"C:/Users/sofia/workspace/uart_recieve/Utilities/Components/mfxstm32l152" -I"C:/Users/sofia/workspace/uart_recieve/CMSIS/device" -I"C:/Users/sofia/workspace/uart_recieve/Utilities/Components/n25q128a" -I"C:/Users/sofia/workspace/uart_recieve/Utilities/Components/ts3510" -I"C:/Users/sofia/workspace/uart_recieve/Utilities/Components/st7735" -I"C:/Users/sofia/workspace/uart_recieve/HAL_Driver/Inc/Legacy" -I"C:/Users/sofia/workspace/uart_recieve/Utilities/Components/lis302dl" -I"C:/Users/sofia/workspace/uart_recieve/Utilities/Components/otm8009a" -I"C:/Users/sofia/workspace/uart_recieve/Utilities/Components/stmpe1600" -I"C:/Users/sofia/workspace/uart_recieve/Utilities/Components/Common" -I"C:/Users/sofia/workspace/uart_recieve/Utilities/Components/ov2640" -I"C:/Users/sofia/workspace/uart_recieve/Utilities/Components/l3gd20" -I"C:/Users/sofia/workspace/uart_recieve/Utilities/STM32F411E-Discovery" -I"C:/Users/sofia/workspace/uart_recieve/HAL_Driver/Inc" -I"C:/Users/sofia/workspace/uart_recieve/Utilities" -I"C:/Users/sofia/workspace/uart_recieve/Utilities/Components/stmpe811" -I"C:/Users/sofia/workspace/uart_recieve/Utilities/Components/lis3dsh" -I"C:/Users/sofia/workspace/uart_recieve/Utilities/Components/wm8994" -I"C:/Users/sofia/workspace/uart_recieve/Utilities/Fonts" -I"C:/Users/sofia/workspace/uart_recieve/Utilities/Components/n25q256a" -I"C:/Users/sofia/workspace/uart_recieve/inc" -I"C:/Users/sofia/workspace/uart_recieve/Utilities/Components/ls016b8uy" -I"C:/Users/sofia/workspace/uart_recieve/Utilities/Components/ft6x06" -I"C:/Users/sofia/workspace/uart_recieve/Utilities/Components/exc7200" -I"C:/Users/sofia/workspace/uart_recieve/Utilities/Components/st7789h2" -I"C:/Users/sofia/workspace/uart_recieve/Utilities/Components/ampire640480" -I"C:/Users/sofia/workspace/uart_recieve/Utilities/Components/lsm303dlhc" -I"C:/Users/sofia/workspace/uart_recieve/CMSIS/core" -O0 -g3 -Wall -fmessage-length=0 -ffunction-sections -c -MMD -MP -MF"src/main.d" -MT"src/main.o" -o "src/main.o" "../src/main.c"
Finished building: ../src/main.c
 
Building target: uart_recieve.elf
Invoking: MCU GCC Linker
arm-none-eabi-gcc -mcpu=cortex-m4 -mthumb -mfloat-abi=hard -mfpu=fpv4-sp-d16 -T"C:/Users/sofia/workspace/uart_recieve/LinkerScript.ld" -Wl,-Map=output.map -Wl,--gc-sections -o "uart_recieve.elf" @"objects.list"   -lm
Finished building target: uart_recieve.elf
 
make --no-print-directory post-build
Generating binary and Printing size information:
arm-none-eabi-objcopy -O binary "uart_recieve.elf" "uart_recieve.bin"
arm-none-eabi-size "uart_recieve.elf"
   text	   data	    bss	    dec	    hex	filename
   5208	   1136	   1668	   8012	   1f4c	uart_recieve.elf
 
